sub3Laa
sub3Lab
sub3Lac
sub3Lad
sub3Lae
sub3Laf
sub3Lag
sub3Lah
sub3Lai
sub3Laj
sub3Lak
sub3Lal
sub3Lam
sub3Lan
sub3Lao
sub3Lap
sub3Laq
sub3Lar
sub3Las
sub3Lat
sub3Lau
sub3Lav
sub3Law
sub3Lax
sub3Lay
sub3Laz
sub3Lba
sub3Lbb
sub3Lbc
sub3Lbd
sub3Lbe
sub3Lbf
sub3Lbg
sub3Lbh
sub3Lbi
sub3Lbj
sub3Lbk
sub3Lbl
sub3Lbm
sub3Lbn
sub3Lbo
sub3Lbp
sub3Lbq
sub3Lbr
sub3Lbs
sub3Lbt
sub3Lbu
sub3Lbv
sub3Lbw
sub3Lbx
sub3Lby
sub3Lbz
sub3Lca
sub3Lcb
sub3Lcc
sub3Lcd
sub3Lce
sub3Lcf
sub3Lcg
sub3Lch
sub3Lci
sub3Lcj
sub3Lck
sub3Lcl
sub3Lcm
sub3Lcn
sub3Lco
sub3Lcp
sub3Lcq
sub3Lcr
sub3Lcs
sub3Lct
sub3Lcu
sub3Lcv
sub3Lcw
sub3Lcx
sub3Lcy
sub3Lcz
sub3Lda
sub3Ldb
sub3Ldc
sub3Ldd
sub3Lde
sub3Ldf
sub3Ldg
sub3Ldh
sub3Ldi
sub3Ldj
sub3Ldk
sub3Ldl
sub3Ldm
sub3Ldn
sub3Ldo
sub3Ldp
sub3Ldq
sub3Ldr
sub3Lds
sub3Ldt
sub3Ldu
sub3Ldv
sub3Ldw
sub3Ldx
sub3Ldy
sub3Ldz
sub3Lea
sub3Leb
sub3Lec
sub3Led
sub3Lee
sub3Lef
sub3Leg
sub3Leh
sub3Lei
sub3Lej
sub3Lek
sub3Lel
sub3Lem
sub3Len
sub3Leo
sub3Lep
sub3Leq
sub3Ler
sub3Les
sub3Let
sub3Leu
sub3Lev
sub3Lew
sub3Lex
sub3Ley
sub3Lez
sub3Lfa
